// Jest Snapshot v1, https://jestjs.io/docs/snapshot-testing

exports[`Caracterização — endpoints montados no server.ts a tabela de rotas da API não muda 1`] = `
[
  "DELETE /api/agendamentos/:id/emails",
  "DELETE /api/beneficios/compete/limpar",
  "DELETE /api/beneficios/invest/limpar",
  "DELETE /api/clientes/:id",
  "DELETE /api/darf/:id",
  "DELETE /api/darf/:id/definitivo",
  "DELETE /api/darf/lote/:id",
  "DELETE /api/dashboard/admin/reports/history/:id",
  "DELETE /api/dctf/:id",
  "DELETE /api/dctf/admin/remove-unique-constraint",
  "DELETE /api/estudo-viabilidade/documentos/:id",
  "DELETE /api/relatorios/:id",
  "DELETE /api/situacao-fiscal/history/:id",
  "DELETE /api/sped/validacao/:validationId",
  "GET /api/agendamentos",
  "GET /api/agendamentos/:id/historico",
  "GET /api/beneficios/compete",
  "GET /api/beneficios/compete/comparacao",
  "GET /api/beneficios/fonte/:programa",
  "GET /api/beneficios/invest",
  "GET /api/beneficios/invest/comparacao",
  "GET /api/beneficios/substituto/coleta/status",
  "GET /api/beneficios/substituto/conferencia",
  "GET /api/beneficios/substituto/faturamento/:clienteId",
  "GET /api/beneficios/tipos",
  "GET /api/cfop/entrada",
  "GET /api/cfop/saida",
  "GET /api/clientes",
  "GET /api/clientes/:id",
  "GET /api/clientes/acessorias/preview",
  "GET /api/clientes/acessorias/status",
  "GET /api/clientes/cnae-grupo/:grupo",
  "GET /api/clientes/cnae-grupos",
  "GET /api/clientes/cnae/:cnae",
  "GET /api/clientes/cnpj/:cnpj",
  "GET /api/clientes/ebef",
  "GET /api/clientes/ebef/exportar",
  "GET /api/clientes/ebef/progresso",
  "GET /api/clientes/historico-receita",
  "GET /api/clientes/modelo",
  "GET /api/clientes/oneclick/preview",
  "GET /api/clientes/oneclick/status",
  "GET /api/clientes/oneclick/status-preview",
  "GET /api/clientes/receita-ws/cnpj/:cnpj",
  "GET /api/clientes/sem-dctf",
  "GET /api/clientes/socios",
  "GET /api/clientes/stats",
  "GET /api/conferences/summary",
  "GET /api/conferencias/detalhe",
  "GET /api/conferencias/resumo",
  "GET /api/conferencias/summary",
  "GET /api/cota-aprendizagem/classificacao",
  "GET /api/cota-aprendizagem/exportar",
  "GET /api/cota-aprendizagem/historico/:clienteId",
  "GET /api/cota-aprendizagem/status",
  "GET /api/darf/:id/pdf",
  "GET /api/darf/dctfweb/categorias",
  "GET /api/darf/historico",
  "GET /api/darf/lote",
  "GET /api/darf/lote/execucoes",
  "GET /api/dashboard/admin/reports/:reportType.:format",
  "GET /api/dashboard/admin/reports/history",
  "GET /api/dashboard/admin/reports/history/:id/download",
  "GET /api/dctf",
  "GET /api/dctf/:id",
  "GET /api/dctf/:id/analyze",
  "GET /api/dctf/:id/dados",
  "GET /api/dctf/admin/check-duplicates",
  "GET /api/dctf/admin/export-em-aberto",
  "GET /api/dctf/admin/last-backup",
  "GET /api/dctf/admin/sync-errors-log",
  "GET /api/dctf/cliente/:clienteId",
  "GET /api/dctf/stats",
  "GET /api/det/clientes",
  "GET /api/det/clientes/:cnpj/notificacoes",
  "GET /api/det/coleta/status",
  "GET /api/det/resumo",
  "GET /api/estudo-viabilidade/cidades",
  "GET /api/estudo-viabilidade/clientes",
  "GET /api/estudo-viabilidade/documentos",
  "GET /api/estudo-viabilidade/documentos/:id/status",
  "GET /api/estudo-viabilidade/documentos/:id/stream",
  "GET /api/fiscal/clientes-disponiveis",
  "GET /api/fiscal/colaboradores",
  "GET /api/fiscal/ficha",
  "GET /api/fiscal/opcoes",
  "GET /api/fiscal/questionarios",
  "GET /api/fiscal/questionarios/:slug",
  "GET /api/fiscal/questionarios/:slug/respostas",
  "GET /api/fiscal/questionarios/:slug/respostas/:colaboradorId",
  "GET /api/flags",
  "GET /api/flags/:id",
  "GET /api/host-dados/cliente/:cnpj",
  "GET /api/host-dados/clientes-sem-dctf-com-movimento",
  "GET /api/host-dados/obrigacoes",
  "GET /api/host-dados/stats/dctf-declaracoes",
  "GET /api/irpf/faturamento/:clienteId",
  "GET /api/irpf/faturamento/:clienteId/cache",
  "GET /api/irpf/faturamento/:clienteId/cache/:tipo",
  "GET /api/receita/validar-token",
  "GET /api/relatorios",
  "GET /api/relatorios/:id",
  "GET /api/relatorios/declaracao/:declaracaoId",
  "GET /api/sci/banco-horas/download-formatado/:id",
  "GET /api/sci/banco-horas/download/:id",
  "GET /api/sci/banco-horas/gerar/:relatorioId/logs",
  "GET /api/situacao-fiscal/companies",
  "GET /api/situacao-fiscal/history",
  "GET /api/situacao-fiscal/lote/em-andamento",
  "GET /api/situacao-fiscal/lote/pendentes",
  "GET /api/situacao-fiscal/lote/progresso/:progressId",
  "GET /api/situacao-fiscal/pdf/:id",
  "GET /api/situacao-fiscal/protocols/archived",
  "GET /api/situacao-fiscal/token",
  "GET /api/sped/correcoes/:validationId/download",
  "GET /api/sped/historico",
  "GET /api/sped/validacao/:validationId",
  "GET /api/sped/validacao/:validationId/ajustes",
  "GET /api/sped/validacao/:validationId/export/excel",
  "GET /api/sped/validacao/:validationId/export/pdf",
  "GET /api/spreadsheet/template",
  "GET /api/spreadsheet/uploads",
  "GET /api/spreadsheet/validation-rules",
  "PATCH /api/agendamentos/:id",
  "PATCH /api/clientes/:id/ativo",
  "PATCH /api/clientes/ebef/:id/envio",
  "PATCH /api/darf/lote/:id",
  "PATCH /api/fiscal/ficha/:id",
  "POST /api/agendamentos/:id/emails",
  "POST /api/agendamentos/:id/executar",
  "POST /api/beneficios/compete/importar",
  "POST /api/beneficios/invest/importar",
  "POST /api/beneficios/substituto/aviso",
  "POST /api/beneficios/substituto/coletar",
  "POST /api/beneficios/tipos",
  "POST /api/cfop/upload-pdf",
  "POST /api/clientes",
  "POST /api/clientes/abrir-pasta",
  "POST /api/clientes/aplicar-cadastro-simulado",
  "POST /api/clientes/atualizar-cadastro-receita-ws",
  "POST /api/clientes/atualizar-capital-social",
  "POST /api/clientes/atualizar-regimes-massa",
  "POST /api/clientes/atualizar-socios",
  "POST /api/clientes/cnae-busca",
  "POST /api/clientes/ebef/consultar",
  "POST /api/clientes/ebef/lote",
  "POST /api/clientes/exportar-personalizado",
  "POST /api/clientes/import-json",
  "POST /api/clientes/import-receita-ws",
  "POST /api/clientes/recalcular-valores-divergentes",
  "POST /api/clientes/sincronizar-acessorias",
  "POST /api/clientes/sincronizar-oneclick",
  "POST /api/clientes/sincronizar-status-oneclick",
  "POST /api/conferencias/send-email-sem-dctf-com-movimento",
  "POST /api/cota-aprendizagem/aviso",
  "POST /api/cota-aprendizagem/reclassificar",
  "POST /api/cota-aprendizagem/sincronizar",
  "POST /api/darf/:id/restaurar",
  "POST /api/darf/dctfweb",
  "POST /api/darf/lote",
  "POST /api/darf/lote/executar",
  "POST /api/dashboard/admin/reports/history",
  "POST /api/dctf",
  "POST /api/dctf/:id/cleanup",
  "POST /api/dctf/admin/clear",
  "POST /api/dctf/admin/create-unique-constraint",
  "POST /api/dctf/admin/detect-duplicates",
  "POST /api/dctf/admin/remove-duplicates",
  "POST /api/dctf/admin/restore",
  "POST /api/dctf/admin/retry-sync-errors",
  "POST /api/dctf/admin/send-email-pending",
  "POST /api/dctf/admin/sync",
  "POST /api/det/coletar",
  "POST /api/det/procuracoes/:cnpj",
  "POST /api/det/procuracoes/sincronizar",
  "POST /api/estudo-viabilidade/documentos",
  "POST /api/fiscal/aviso",
  "POST /api/fiscal/ficha",
  "POST /api/fiscal/ficha/:id/inutilizar",
  "POST /api/fiscal/ficha/:id/reativar",
  "POST /api/flags/:id/reopen",
  "POST /api/flags/:id/resolve",
  "POST /api/flags/validate/run",
  "POST /api/host-dados/sincronizar",
  "POST /api/host-dados/sincronizar-automatico",
  "POST /api/host-dados/sincronizar-datas",
  "POST /api/irpf/consulta-personalizada",
  "POST /api/irpf/faturamento/:clienteId/atualizar",
  "POST /api/irpf/faturamento/atualizar-todos",
  "POST /api/relatorios",
  "POST /api/relatorios/generate",
  "POST /api/sci/banco-horas/formatar",
  "POST /api/sci/banco-horas/gerar",
  "POST /api/sci/catalog/buscar",
  "POST /api/sci/catalog/consulta-centro-custo",
  "POST /api/sci/catalog/consulta-faturamento",
  "POST /api/sci/catalog/executar-sql",
  "POST /api/sci/catalog/gerar-sql",
  "POST /api/sci/catalog/sp-bi-fat",
  "POST /api/situacao-fiscal/:cnpj/download",
  "POST /api/situacao-fiscal/extract/:id",
  "POST /api/situacao-fiscal/lote/:progressId/cancelar",
  "POST /api/situacao-fiscal/lote/iniciar",
  "POST /api/situacao-fiscal/lote/iniciar-pendentes",
  "POST /api/situacao-fiscal/lote/popular-pendentes",
  "POST /api/situacao-fiscal/protocols/:cnpj/restore",
  "POST /api/situacao-fiscal/test-extract",
  "POST /api/situacao-fiscal/upload-pdf",
  "POST /api/sped/correcoes/:validationId/revalidar",
  "POST /api/sped/correcoes/aplicar",
  "POST /api/sped/correcoes/aplicar-todas",
  "POST /api/sped/detectar-setor",
  "POST /api/sped/validacao/:validationId/aplicar-ajustes",
  "POST /api/sped/validar",
  "POST /api/spreadsheet/export",
  "POST /api/spreadsheet/import",
  "POST /api/spreadsheet/import-json",
  "POST /api/spreadsheet/upload",
  "POST /api/spreadsheet/validate",
  "POST /api/spreadsheet/validate-batch",
  "PUT /api/clientes/:id",
  "PUT /api/clientes/:id/atualizar-codigo-sci",
  "PUT /api/clientes/:id/atualizar-socios-situacao-fiscal",
  "PUT /api/clientes/:id/editar-participacao-manual",
  "PUT /api/clientes/:id/recalcular-valores-participacao",
  "PUT /api/dctf/:id",
  "PUT /api/fiscal/questionarios/:slug/respostas/:colaboradorId",
  "PUT /api/relatorios/:id",
]
`;
